=== Line 25: SynError 268
=== Line 27: SynError 268
