=== Line 4: SynError 999
=== Line 6: SynError 999
=== Line 8: SynError 999
