=== Line 2: SynError 999
=== Line 4: SynError 999
