=== Line 8: SynError 999
=== Line 9: SynError 999
=== Line 10: SynError 999
=== Line 11: SynError 999
=== Line 12: SynError 999
=== Line 13: SynError 999
