=== Line 7: SynError 999
=== Line 8: SynError 999
=== Line 9: SynError 999
