=== Line 3: SynError 999
=== Line 1: SynError 999
