=== Line 12: SynError 999
=== Line 13: SynError 999
=== Line 14: SynError 999
